// Jest Snapshot v1, https://goo.gl/fbAQLP

exports[`renders correctly 1`] = `
<div
  className="column undefined"
>
  <div
    className="unique"
  />
</div>
`;
